hello File- first output